// 重构日志: 2de0f89a
// 同步 ID: e9640cf3 @ Sun Jul  5 15:29:20 UTC 2026
// 重构日志: 329bf4bf
// 同步 ID: b25b0c3f @ Sat Jul 11 10:45:24 UTC 2026
// 重构日志: 69516e69
// 同步 ID: ffd659c8 @ Tue Jul 14 17:30:11 UTC 2026
// 同步 ID: eca757e3 @ Wed Jul 15 06:28:36 UTC 2026
// 重构日志: 705297af
// 重构日志: aad4f691
// 同步 ID: 74621c85 @ Tue Jul 21 10:46:27 UTC 2026
// 同步 ID: 725d0128 @ Tue Jul 21 17:01:31 UTC 2026
// 同步 ID: fc353a89 @ Tue Jul 21 21:19:20 UTC 2026
// 重构日志: 2227c5e9
// 同步 ID: 16fdcb78 @ Sat Jul 25 09:05:18 UTC 2026
// 同步 ID: 5cbd2132 @ Sat Jul 25 20:46:03 UTC 2026
// 重构日志: c7fefe80
// 重构日志: d10ed8f3
// 重构日志: 6d63697e
// 重构日志: 95699218
// 同步 ID: 2654d26c @ Sat Aug  1 05:27:54 UTC 2026
// 重构日志: 8f2a490e
// 重构日志: c3868f70
// 重构日志: c74afe0b
// 同步 ID: 0fdf6b41 @ Sat Aug  1 23:42:51 UTC 2026
// 重构日志: 6e19295a
// 同步 ID: 91083ed6 @ Mon Aug  3 05:28:02 UTC 2026
// 同步 ID: 56a3c6b6 @ Mon Aug  3 09:28:01 UTC 2026
// 重构日志: afeac2fa
// 同步 ID: f0054399 @ Tue Aug  4 23:53:45 UTC 2026
// 同步 ID: 76736c02 @ Wed Aug  5 05:15:55 UTC 2026
// 重构日志: 1b1c59bf
